// Jest Snapshot v1, https://goo.gl/fbAQLP

exports[`MainNavbar should render 1`] = `
<styled.div>
  <styled.div>
    <GatsbyLink
      to="/"
    >
      <Styled(Image)
        resolutions={Object {}}
        style={
          Object {
            "display": "block",
          }
        }
      />
    </GatsbyLink>
    <styled.div>
      <Styled(GatsbyLink)
        to="/serwis"
      >
        Serwis
      </Styled(GatsbyLink)>
      <Styled(GatsbyLink)
        to="/sprezyny-do-bram"
      >
        Sprężyny
      </Styled(GatsbyLink)>
      <Styled(GatsbyLink)
        to="/cenniki"
      >
        Cenniki
      </Styled(GatsbyLink)>
      <Styled(GatsbyLink)
        to="/kontakt"
      >
        Kontakt
      </Styled(GatsbyLink)>
    </styled.div>
  </styled.div>
</styled.div>
`;
